
Allocating common symbols
Common symbol       size              file

_g_task_own_fpu     0x4               task.o
_g_startup_time     0x4               machdep.o
_task0              0x4               task.o
_g_task_running     0x4               task.o
_g_resched          0x4               task.o
_g_intr_vector      0x40              startup.o
_g_ram_zone         0x40              startup.o
_g_volinfo          0x34              startup.o
_g_task_head        0x4               task.o

Memory Configuration

Name             Origin             Length             Attributes
*default*        0x0000000000000000 0xffffffffffffffff

Linker script and memory map

LOAD entry.o
LOAD ide.o
LOAD floppy.o
LOAD pci.o
LOAD vm86.o
LOAD kbd.o
LOAD timer.o
LOAD machdep.o
LOAD task.o
LOAD mktime.o
LOAD sem.o
LOAD page.o
LOAD startup.o
LOAD frame.o
LOAD kmalloc.o
LOAD dosfs.o
LOAD pe.o
LOAD elf.o
LOAD printk.o
LOAD bitmap.o
LOAD ../lib/softfloat.o
LOAD ../lib/string.o
LOAD ../lib/memcpy.o
LOAD ../lib/memset.o
LOAD ../lib/snprintf.o
LOAD ../lib/tlsf/tlsf.o
                0x00000000c0100000                . = 0xc0100000

.text           0x00000000c0100000     0x94f4
 *(.text)
 .text          0x00000000c0100000      0x971 entry.o
                0x00000000c0100000                _entry
                0x00000000c0100036                _exception_divide_error
                0x00000000c010003c                _exception_debug
                0x00000000c0100042                _exception_nmi
                0x00000000c0100048                _exception_breakpoint
                0x00000000c010004e                _exception_overflow
                0x00000000c0100054                _exception_bounds_check
                0x00000000c010005a                _exception_inval_opcode
                0x00000000c0100060                _exception_copr_not_avail
                0x00000000c0100066                _exception_double_fault
                0x00000000c010006a                _exception_copr_seg_overrun
                0x00000000c0100070                _exception_inval_tss
                0x00000000c0100074                _exception_segment_not_present
                0x00000000c0100078                _exception_stack_fault
                0x00000000c010007c                _exception_general_protection
                0x00000000c0100080                _exception_page_fault
                0x00000000c0100084                _exception_intel_reserved
                0x00000000c010008a                _exception_copr_error
                0x00000000c0100090                _exception_alignment_check
                0x00000000c0100094                _exception_machine_check
                0x00000000c010009a                _exception_simd_fp
                0x00000000c0100129                _int0x82_syscall
                0x00000000c0100185                _ret_from_syscall
                0x00000000c01001bf                _hwint00
                0x00000000c0100234                _hwint01
                0x00000000c01002a9                _hwint02
                0x00000000c010031e                _hwint03
                0x00000000c0100393                _hwint04
                0x00000000c0100408                _hwint05
                0x00000000c010047d                _hwint06
                0x00000000c01004f2                _hwint07
                0x00000000c0100567                _hwint08
                0x00000000c01005de                _hwint09
                0x00000000c0100655                _hwint10
                0x00000000c01006cc                _hwint11
                0x00000000c0100743                _hwint12
                0x00000000c01007ba                _hwint13
                0x00000000c0100831                _hwint14
                0x00000000c01008a8                _hwint15
                0x00000000c010091f                _lgdt
                0x00000000c0100945                _lidt
                0x00000000c010094d                _sys_vm86
 *fill*         0x00000000c0100971        0xf 
 .text          0x00000000c0100980      0x21c ide.o
                0x00000000c0100980                _ide_init
                0x00000000c01009e0                _ide_read_sector
                0x00000000c0100ae0                _ide_write_sector
 .text          0x00000000c0100b9c        0x0 floppy.o
 *fill*         0x00000000c0100b9c        0x4 
 .text          0x00000000c0100ba0      0x32f pci.o
                0x00000000c0100ba0                _pci_get_bar_addr
                0x00000000c0100c00                _pci_get_bar_size
                0x00000000c0100cc0                _pci_get_intr_line
                0x00000000c0100d20                _pci_init
 *fill*         0x00000000c0100ecf        0x1 
 .text          0x00000000c0100ed0      0xc22 vm86.o
                0x00000000c0100ed0                _vm86_init
                0x00000000c0100f40                _vm86_emulate
                0x00000000c01019b0                _vm86_call
 *fill*         0x00000000c0101af2        0xe 
 .text          0x00000000c0101b00      0x350 kbd.o
                0x00000000c0101b00                _isr_keyboard
                0x00000000c0101e30                _sys_getchar
 .text          0x00000000c0101e50      0x3ae timer.o
                0x00000000c0101ee0                _isr_timer
                0x00000000c0102050                _calibrate_delay
                0x00000000c0102170                _sys_sleep
                0x00000000c0102190                _sys_nanosleep
 *fill*         0x00000000c01021fe        0x2 
 .text          0x00000000c0102200     0x15c4 machdep.o
                0x00000000c0102240                _sys_time
                0x00000000c0102250                _enable_irq
                0x00000000c01022a0                _disable_irq
                0x00000000c01022f0                _switch_to
                0x00000000c0102320                _sys_putchar
                0x00000000c0102450                _sys_beep
                0x00000000c0102470                _syscall
                0x00000000c0102970                _do_page_fault
                0x00000000c0102a10                _exception
                0x00000000c0102ec0                _cstart
 *fill*         0x00000000c01037c4        0xc 
 .text          0x00000000c01037d0      0x67a task.o
                0x00000000c01037d0                _schedule
                0x00000000c01038e0                _sleep_on
                0x00000000c0103950                _wake_up
                0x00000000c0103980                _sys_task_create
                0x00000000c0103be0                _sys_task_exit
                0x00000000c0103c40                _sys_task_wait
                0x00000000c0103d20                _sys_task_getid
                0x00000000c0103d40                _sys_task_yield
                0x00000000c0103d60                _init_task
                0x00000000c0103da0                _getpriority
                0x00000000c0103df0                _setpriority
 *fill*         0x00000000c0103e4a        0x6 
 .text          0x00000000c0103e50       0xa2 mktime.o
                0x00000000c0103e50                _mktime
 *fill*         0x00000000c0103ef2        0xe 
 .text          0x00000000c0103f00       0x34 sem.o
                0x00000000c0103f00                _sys_sem_create
                0x00000000c0103f10                _sys_sem_destroy
                0x00000000c0103f20                _sys_sem_wait
                0x00000000c0103f30                _sys_sem_signal
 *fill*         0x00000000c0103f34        0xc 
 .text          0x00000000c0103f40      0x47f page.o
                0x00000000c0103f40                _init_vmspace
                0x00000000c0103f90                _page_alloc_in_addr
                0x00000000c01040e0                _page_alloc
                0x00000000c0104250                _page_free
                0x00000000c0104300                _page_prot
                0x00000000c0104350                _page_map
                0x00000000c0104390                _page_unmap
 *fill*         0x00000000c01043bf        0x1 
 .text          0x00000000c01043c0      0x2d3 startup.o
                0x00000000c01043c0                _isr_default
                0x00000000c01043d0                _DFS_ReadSector
                0x00000000c0104420                _DFS_WriteSector
                0x00000000c0104470                _start_user_task
                0x00000000c01045d0                _mi_startup
 *fill*         0x00000000c0104693        0xd 
 .text          0x00000000c01046a0      0x286 frame.o
                0x00000000c01046a0                _init_frame
                0x00000000c0104790                _frame_alloc_in_addr
                0x00000000c0104820                _frame_alloc
                0x00000000c01048b0                _frame_free
 *fill*         0x00000000c0104926        0xa 
 .text          0x00000000c0104930       0xbb kmalloc.o
                0x00000000c0104930                _kmalloc
                0x00000000c0104950                _krealloc
                0x00000000c0104980                _kfree
                0x00000000c01049a0                _kmemalign
                0x00000000c01049d0                _init_kmalloc
 *fill*         0x00000000c01049eb        0x5 
 .text          0x00000000c01049f0     0x1f73 dosfs.o
                0x00000000c01049f0                _ldiv
                0x00000000c0104a30                _div
                0x00000000c0104a70                _DFS_GetPtnStart
                0x00000000c0104b10                _DFS_GetVolInfo
                0x00000000c0104c70                _DFS_GetFAT
                0x00000000c0104ec0                _DFS_SetFAT
                0x00000000c0105230                _DFS_CanonicalToDir
                0x00000000c01052b0                _DFS_GetFreeFAT
                0x00000000c0105310                _DFS_GetNext
                0x00000000c01054b0                _DFS_OpenDir
                0x00000000c0105720                _DFS_GetFreeDirEnt
                0x00000000c01058b0                _DFS_OpenFile
                0x00000000c0105dc0                _DFS_ReadFile
                0x00000000c01060e0                _DFS_Seek
                0x00000000c01062c0                _DFS_UnlinkFile
                0x00000000c01063d0                _DFS_WriteFile
                0x00000000c0106960                _DFS_Close
 .text          0x00000000c0106963        0x0 pe.o
 *fill*         0x00000000c0106963        0xd 
 .text          0x00000000c0106970      0x2aa elf.o
                0x00000000c0106970                _load_aout
 *fill*         0x00000000c0106c1a        0x6 
 .text          0x00000000c0106c20       0x5e printk.o
                0x00000000c0106c20                _printk
 *fill*         0x00000000c0106c7e        0x2 
 .text          0x00000000c0106c80      0x539 bitmap.o
                0x00000000c0106c80                _bitmap_buf_size
                0x00000000c0106ca0                _bitmap_size
                0x00000000c0106cb0                _bitmap_set
                0x00000000c0106cf0                _bitmap_create_in_buf
                0x00000000c0106d30                _bitmap_mark
                0x00000000c0106d50                _bitmap_reset
                0x00000000c0106d70                _bitmap_flip
                0x00000000c0106d90                _bitmap_test
                0x00000000c0106dc0                _bitmap_set_all
                0x00000000c0106e00                _bitmap_set_multiple
                0x00000000c0106e40                _bitmap_count
                0x00000000c0106ea0                _bitmap_contains
                0x00000000c0106f30                _bitmap_any
                0x00000000c0106fa0                _bitmap_none
                0x00000000c0107010                _bitmap_all
                0x00000000c0107080                _bitmap_scan
                0x00000000c0107160                _bitmap_scan_and_flip
 *fill*         0x00000000c01071b9        0x7 
 .text          0x00000000c01071c0      0x27b ../lib/softfloat.o
                0x00000000c0107290                ___udivmoddi4
                0x00000000c01072e0                ___divdi3
                0x00000000c0107350                ___moddi3
                0x00000000c01073c0                ___udivdi3
                0x00000000c0107400                ___umoddi3
 *fill*         0x00000000c010743b        0x5 
 .text          0x00000000c0107440      0x470 ../lib/string.o
                0x00000000c0107440                _memcmp
                0x00000000c0107490                _memmove
                0x00000000c01074f0                _memchr
                0x00000000c0107530                _strcat
                0x00000000c0107560                _strcmp
                0x00000000c01075a0                _strncmp
                0x00000000c0107600                _strchr
                0x00000000c0107640                _strrchr
                0x00000000c0107660                _strstr
                0x00000000c0107710                _strcpy
                0x00000000c0107740                _strlen
                0x00000000c0107770                _strncpy
                0x00000000c01077d0                _strcasecmp
                0x00000000c0107820                _strncasecmp
 .text          0x00000000c01078b0      0x607 ../lib/memcpy.o
                0x00000000c01078b0                _memcpy
 *fill*         0x00000000c0107eb7        0x9 
 .text          0x00000000c0107ec0       0xa1 ../lib/memset.o
                0x00000000c0107ec0                _memset
 *fill*         0x00000000c0107f61        0xf 
 .text          0x00000000c0107f70      0x924 ../lib/snprintf.o
                0x00000000c0108830                _vsnprintf
                0x00000000c0108860                _snprintf
 *fill*         0x00000000c0108894        0xc 
 .text          0x00000000c01088a0      0xc54 ../lib/tlsf/tlsf.o
                0x00000000c0108d00                _tlsf_check
                0x00000000c0108e80                _tlsf_walk_pool
                0x00000000c0108f00                _tlsf_block_size
                0x00000000c0108f20                _tlsf_check_pool
                0x00000000c0108f50                _tlsf_size
                0x00000000c0108f60                _tlsf_align_size
                0x00000000c0108f70                _tlsf_block_size_min
                0x00000000c0108f80                _tlsf_block_size_max
                0x00000000c0108f90                _tlsf_pool_overhead
                0x00000000c0108fa0                _tlsf_alloc_overhead
                0x00000000c0108fb0                _tlsf_add_pool
                0x00000000c0109010                _tlsf_remove_pool
                0x00000000c0109080                _tlsf_create
                0x00000000c01090e0                _tlsf_create_with_pool
                0x00000000c0109160                _tlsf_destroy
                0x00000000c0109170                _tlsf_get_pool
                0x00000000c0109180                _tlsf_malloc
                0x00000000c01091d0                _tlsf_memalign
                0x00000000c0109330                _tlsf_free
                0x00000000c0109360                _tlsf_realloc

.iplt           0x00000000c01094f8        0x0
 .iplt          0x00000000c01094f8        0x0 entry.o
                0x00000000c01094f8                . = ALIGN (0x4)

.rodata         0x00000000c0109500      0xb30
 *(.rodata)
 .rodata        0x00000000c0109500      0x240 vm86.o
 .rodata        0x00000000c0109740      0x590 kbd.o
 .rodata        0x00000000c0109cd0       0x50 machdep.o
 .rodata        0x00000000c0109d20       0x30 mktime.o
 *fill*         0x00000000c0109d50       0x10 
 .rodata        0x00000000c0109d60      0x100 ../lib/string.o
 .rodata        0x00000000c0109e60       0x20 ../lib/memcpy.o
 .rodata        0x00000000c0109e80      0x1b0 ../lib/snprintf.o

.rodata.str1.1  0x00000000c010a030      0x2b5
 .rodata.str1.1
                0x00000000c010a030        0xd ide.o
 .rodata.str1.1
                0x00000000c010a03d       0x16 timer.o
 .rodata.str1.1
                0x00000000c010a053      0x1f2 machdep.o
                                        0x1f5 (size before relaxing)
 .rodata.str1.1
                0x00000000c010a245       0x59 startup.o
 .rodata.str1.1
                0x00000000c010a29e       0x1e elf.o
 .rodata.str1.1
                0x00000000c010a2bc       0x29 ../lib/snprintf.o

.rodata.str1.4  0x00000000c010a2e8      0x398
 .rodata.str1.4
                0x00000000c010a2e8       0x29 ide.o
 *fill*         0x00000000c010a311        0x3 
 .rodata.str1.4
                0x00000000c010a314       0x2a vm86.o
 *fill*         0x00000000c010a33e        0x2 
 .rodata.str1.4
                0x00000000c010a340       0x2b timer.o
 *fill*         0x00000000c010a36b        0x1 
 .rodata.str1.4
                0x00000000c010a36c      0x147 machdep.o
 *fill*         0x00000000c010a4b3        0x1 
 .rodata.str1.4
                0x00000000c010a4b4       0x2e task.o
 *fill*         0x00000000c010a4e2        0x2 
 .rodata.str1.4
                0x00000000c010a4e4       0xec startup.o
 .rodata.str1.4
                0x00000000c010a5d0       0x23 frame.o
 *fill*         0x00000000c010a5f3        0x1 
 .rodata.str1.4
                0x00000000c010a5f4       0x8c elf.o
                                         0x8a (size before relaxing)

.eh_frame       0x00000000c010a680     0x2c38
 .eh_frame      0x00000000c010a680       0xc4 ide.o
 .eh_frame      0x00000000c010a744       0xec pci.o
                                        0x104 (size before relaxing)
 .eh_frame      0x00000000c010a830       0xf4 vm86.o
                                        0x10c (size before relaxing)
 .eh_frame      0x00000000c010a924       0x64 kbd.o
                                         0x7c (size before relaxing)
 .eh_frame      0x00000000c010a988      0x134 timer.o
                                        0x14c (size before relaxing)
 .eh_frame      0x00000000c010aabc      0x558 machdep.o
                                        0x570 (size before relaxing)
 .eh_frame      0x00000000c010b014      0x1fc task.o
                                        0x214 (size before relaxing)
 .eh_frame      0x00000000c010b210       0x24 mktime.o
                                         0x3c (size before relaxing)
 .eh_frame      0x00000000c010b234       0x50 sem.o
                                         0x68 (size before relaxing)
 .eh_frame      0x00000000c010b284      0x1d4 page.o
                                        0x1ec (size before relaxing)
 .eh_frame      0x00000000c010b458      0x1c8 startup.o
                                        0x1e0 (size before relaxing)
 .eh_frame      0x00000000c010b620      0x184 frame.o
                                        0x19c (size before relaxing)
 .eh_frame      0x00000000c010b7a4       0xc8 kmalloc.o
                                         0xe0 (size before relaxing)
 .eh_frame      0x00000000c010b86c      0xa7c dosfs.o
                                        0xa94 (size before relaxing)
 .eh_frame      0x00000000c010c2e8      0x16c elf.o
                                        0x184 (size before relaxing)
 .eh_frame      0x00000000c010c454       0x54 printk.o
                                         0x6c (size before relaxing)
 .eh_frame      0x00000000c010c4a8      0x364 bitmap.o
                                        0x37c (size before relaxing)
 .eh_frame      0x00000000c010c80c      0x174 ../lib/softfloat.o
                                        0x18c (size before relaxing)
 .eh_frame      0x00000000c010c980      0x230 ../lib/string.o
                                        0x248 (size before relaxing)
 .eh_frame      0x00000000c010cbb0       0x70 ../lib/memcpy.o
                                         0x88 (size before relaxing)
 .eh_frame      0x00000000c010cc20       0x4c ../lib/memset.o
                                         0x64 (size before relaxing)
 .eh_frame      0x00000000c010cc6c      0x13c ../lib/snprintf.o
                                        0x154 (size before relaxing)
 .eh_frame      0x00000000c010cda8      0x510 ../lib/tlsf/tlsf.o
                                        0x528 (size before relaxing)

.rel.dyn        0x00000000c010d2b8        0x0
 .rel.got       0x00000000c010d2b8        0x0 entry.o
 .rel.iplt      0x00000000c010d2b8        0x0 entry.o
 .rel.text      0x00000000c010d2b8        0x0 entry.o

.rdata
 *(.rdata)

.data           0x00000000c010d2c0     0x2038
 *(.data)
 .data          0x00000000c010d2c0     0x2000 entry.o
                0x00000000c010f2c0                _tmp_stack
 .data          0x00000000c010f2c0        0x0 ide.o
 .data          0x00000000c010f2c0        0x0 floppy.o
 .data          0x00000000c010f2c0        0x0 pci.o
 .data          0x00000000c010f2c0        0x0 vm86.o
 .data          0x00000000c010f2c0        0x0 kbd.o
 .data          0x00000000c010f2c0        0x0 timer.o
 .data          0x00000000c010f2c0       0x30 machdep.o
 .data          0x00000000c010f2f0        0x0 task.o
 .data          0x00000000c010f2f0        0x0 mktime.o
 .data          0x00000000c010f2f0        0x0 sem.o
 .data          0x00000000c010f2f0        0x0 page.o
 .data          0x00000000c010f2f0        0x8 startup.o
                0x00000000c010f2f0                _PTD
                0x00000000c010f2f4                _PT
 .data          0x00000000c010f2f8        0x0 frame.o
 .data          0x00000000c010f2f8        0x0 kmalloc.o
 .data          0x00000000c010f2f8        0x0 dosfs.o
 .data          0x00000000c010f2f8        0x0 pe.o
 .data          0x00000000c010f2f8        0x0 elf.o
 .data          0x00000000c010f2f8        0x0 printk.o
 .data          0x00000000c010f2f8        0x0 bitmap.o
 .data          0x00000000c010f2f8        0x0 ../lib/softfloat.o
 .data          0x00000000c010f2f8        0x0 ../lib/string.o
 .data          0x00000000c010f2f8        0x0 ../lib/memcpy.o
 .data          0x00000000c010f2f8        0x0 ../lib/memset.o
 .data          0x00000000c010f2f8        0x0 ../lib/snprintf.o
 .data          0x00000000c010f2f8        0x0 ../lib/tlsf/tlsf.o

.got            0x00000000c010f2f8        0x0
 .got           0x00000000c010f2f8        0x0 entry.o

.got.plt        0x00000000c010f2f8        0x0
 .got.plt       0x00000000c010f2f8        0x0 entry.o

.igot.plt       0x00000000c010f2f8        0x0
 .igot.plt      0x00000000c010f2f8        0x0 entry.o
                0x00000000c010f2f8                . = ALIGN (0x4)
                0x00000000c010f2f8                _edata = .

.bss            0x00000000c010f300     0x16b4
 *(.bss)
 .bss           0x00000000c010f300        0x0 entry.o
 .bss           0x00000000c010f300        0x0 ide.o
 .bss           0x00000000c010f300        0x0 floppy.o
 .bss           0x00000000c010f300     0x1044 pci.o
 .bss           0x00000000c0110344        0x0 vm86.o
 *fill*         0x00000000c0110344       0x1c 
 .bss           0x00000000c0110360       0x40 kbd.o
 .bss           0x00000000c01103a0        0xc timer.o
                0x00000000c01103a0                _g_load_avg
                0x00000000c01103a4                _g_timer_ticks
 *fill*         0x00000000c01103ac       0x14 
 .bss           0x00000000c01103c0      0x488 machdep.o
 .bss           0x00000000c0110848        0x4 task.o
 .bss           0x00000000c011084c        0x0 mktime.o
 .bss           0x00000000c011084c        0x0 sem.o
 .bss           0x00000000c011084c       0x18 page.o
 .bss           0x00000000c0110864        0x0 startup.o
 *fill*         0x00000000c0110864       0x1c 
 .bss           0x00000000c0110880       0x60 frame.o
 .bss           0x00000000c01108e0        0x4 kmalloc.o
 .bss           0x00000000c01108e4        0x0 dosfs.o
 .bss           0x00000000c01108e4        0x0 pe.o
 .bss           0x00000000c01108e4        0x0 elf.o
 .bss           0x00000000c01108e4        0x0 printk.o
 .bss           0x00000000c01108e4        0x0 bitmap.o
 .bss           0x00000000c01108e4        0x0 ../lib/softfloat.o
 .bss           0x00000000c01108e4        0x0 ../lib/string.o
 .bss           0x00000000c01108e4        0x0 ../lib/memcpy.o
 .bss           0x00000000c01108e4        0x0 ../lib/memset.o
 .bss           0x00000000c01108e4        0x0 ../lib/snprintf.o
 .bss           0x00000000c01108e4        0x0 ../lib/tlsf/tlsf.o
 *(COMMON)
 COMMON         0x00000000c01108e4        0x4 machdep.o
                0x00000000c01108e4                _g_startup_time
 COMMON         0x00000000c01108e8       0x14 task.o
                0x00000000c01108e8                _g_task_own_fpu
                0x00000000c01108ec                _task0
                0x00000000c01108f0                _g_task_running
                0x00000000c01108f4                _g_resched
                0x00000000c01108f8                _g_task_head
 *fill*         0x00000000c01108fc        0x4 
 COMMON         0x00000000c0110900       0xb4 startup.o
                0x00000000c0110900                _g_intr_vector
                0x00000000c0110940                _g_ram_zone
                0x00000000c0110980                _g_volinfo
                0x00000000c01109b4                . = ALIGN (0x4)
                0x00000000c01109b4                _end = .
OUTPUT(eposkrnl.out elf32-i386)

.debug_info     0x0000000000000000     0xfbda
 .debug_info    0x0000000000000000     0x13f8 ide.o
 .debug_info    0x00000000000013f8      0x8bd pci.o
 .debug_info    0x0000000000001cb5      0xce3 vm86.o
 .debug_info    0x0000000000002998      0x63d kbd.o
 .debug_info    0x0000000000002fd5      0x84a timer.o
 .debug_info    0x000000000000381f     0x2bfc machdep.o
 .debug_info    0x000000000000641b      0x9b6 task.o
 .debug_info    0x0000000000006dd1      0x13f mktime.o
 .debug_info    0x0000000000006f10      0x42f sem.o
 .debug_info    0x000000000000733f      0x71f page.o
 .debug_info    0x0000000000007a5e      0x88d startup.o
 .debug_info    0x00000000000082eb      0x649 frame.o
 .debug_info    0x0000000000008934      0x24a kmalloc.o
 .debug_info    0x0000000000008b7e     0x192d dosfs.o
 .debug_info    0x000000000000a4ab      0x858 elf.o
 .debug_info    0x000000000000ad03      0x46a printk.o
 .debug_info    0x000000000000b16d      0xc8a bitmap.o
 .debug_info    0x000000000000bdf7      0x37d ../lib/softfloat.o
 .debug_info    0x000000000000c174      0x611 ../lib/string.o
 .debug_info    0x000000000000c785      0x247 ../lib/memcpy.o
 .debug_info    0x000000000000c9cc       0xfc ../lib/memset.o
 .debug_info    0x000000000000cac8      0x86d ../lib/snprintf.o
 .debug_info    0x000000000000d335     0x28a5 ../lib/tlsf/tlsf.o

.debug_abbrev   0x0000000000000000     0x3090
 .debug_abbrev  0x0000000000000000      0x21d ide.o
 .debug_abbrev  0x000000000000021d      0x1f8 pci.o
 .debug_abbrev  0x0000000000000415      0x29d vm86.o
 .debug_abbrev  0x00000000000006b2      0x210 kbd.o
 .debug_abbrev  0x00000000000008c2      0x2b4 timer.o
 .debug_abbrev  0x0000000000000b76      0x4c4 machdep.o
 .debug_abbrev  0x000000000000103a      0x3ae task.o
 .debug_abbrev  0x00000000000013e8       0xc8 mktime.o
 .debug_abbrev  0x00000000000014b0      0x121 sem.o
 .debug_abbrev  0x00000000000015d1      0x1ed page.o
 .debug_abbrev  0x00000000000017be      0x1ff startup.o
 .debug_abbrev  0x00000000000019bd      0x1a7 frame.o
 .debug_abbrev  0x0000000000001b64       0xdb kmalloc.o
 .debug_abbrev  0x0000000000001c3f      0x2e4 dosfs.o
 .debug_abbrev  0x0000000000001f23      0x1b7 elf.o
 .debug_abbrev  0x00000000000020da      0x15e printk.o
 .debug_abbrev  0x0000000000002238      0x2e8 bitmap.o
 .debug_abbrev  0x0000000000002520      0x181 ../lib/softfloat.o
 .debug_abbrev  0x00000000000026a1      0x1aa ../lib/string.o
 .debug_abbrev  0x000000000000284b       0xa5 ../lib/memcpy.o
 .debug_abbrev  0x00000000000028f0       0x90 ../lib/memset.o
 .debug_abbrev  0x0000000000002980      0x2c7 ../lib/snprintf.o
 .debug_abbrev  0x0000000000002c47      0x449 ../lib/tlsf/tlsf.o

.debug_loc      0x0000000000000000     0xc138
 .debug_loc     0x0000000000000000      0x96b ide.o
 .debug_loc     0x000000000000096b      0x5f4 pci.o
 .debug_loc     0x0000000000000f5f     0x1045 vm86.o
 .debug_loc     0x0000000000001fa4      0x1f7 kbd.o
 .debug_loc     0x000000000000219b      0x38a timer.o
 .debug_loc     0x0000000000002525     0x1cb6 machdep.o
 .debug_loc     0x00000000000041db      0x515 task.o
 .debug_loc     0x00000000000046f0       0x7e mktime.o
 .debug_loc     0x000000000000476e      0x6ac page.o
 .debug_loc     0x0000000000004e1a      0x1bc startup.o
 .debug_loc     0x0000000000004fd6      0x276 frame.o
 .debug_loc     0x000000000000524c       0x4c kmalloc.o
 .debug_loc     0x0000000000005298     0x11db dosfs.o
 .debug_loc     0x0000000000006473       0xd2 elf.o
 .debug_loc     0x0000000000006545       0x9c printk.o
 .debug_loc     0x00000000000065e1      0x5f8 bitmap.o
 .debug_loc     0x0000000000006bd9      0x460 ../lib/softfloat.o
 .debug_loc     0x0000000000007039      0x924 ../lib/string.o
 .debug_loc     0x000000000000795d     0x10cd ../lib/memcpy.o
 .debug_loc     0x0000000000008a2a      0x1b2 ../lib/memset.o
 .debug_loc     0x0000000000008bdc     0x123e ../lib/snprintf.o
 .debug_loc     0x0000000000009e1a     0x231e ../lib/tlsf/tlsf.o

.debug_aranges  0x0000000000000000      0x2e0
 .debug_aranges
                0x0000000000000000       0x20 ide.o
 .debug_aranges
                0x0000000000000020       0x20 pci.o
 .debug_aranges
                0x0000000000000040       0x20 vm86.o
 .debug_aranges
                0x0000000000000060       0x20 kbd.o
 .debug_aranges
                0x0000000000000080       0x20 timer.o
 .debug_aranges
                0x00000000000000a0       0x20 machdep.o
 .debug_aranges
                0x00000000000000c0       0x20 task.o
 .debug_aranges
                0x00000000000000e0       0x20 mktime.o
 .debug_aranges
                0x0000000000000100       0x20 sem.o
 .debug_aranges
                0x0000000000000120       0x20 page.o
 .debug_aranges
                0x0000000000000140       0x20 startup.o
 .debug_aranges
                0x0000000000000160       0x20 frame.o
 .debug_aranges
                0x0000000000000180       0x20 kmalloc.o
 .debug_aranges
                0x00000000000001a0       0x20 dosfs.o
 .debug_aranges
                0x00000000000001c0       0x20 elf.o
 .debug_aranges
                0x00000000000001e0       0x20 printk.o
 .debug_aranges
                0x0000000000000200       0x20 bitmap.o
 .debug_aranges
                0x0000000000000220       0x20 ../lib/softfloat.o
 .debug_aranges
                0x0000000000000240       0x20 ../lib/string.o
 .debug_aranges
                0x0000000000000260       0x20 ../lib/memcpy.o
 .debug_aranges
                0x0000000000000280       0x20 ../lib/memset.o
 .debug_aranges
                0x00000000000002a0       0x20 ../lib/snprintf.o
 .debug_aranges
                0x00000000000002c0       0x20 ../lib/tlsf/tlsf.o

.debug_ranges   0x0000000000000000     0x17e8
 .debug_ranges  0x0000000000000000       0xd8 ide.o
 .debug_ranges  0x00000000000000d8      0x190 pci.o
 .debug_ranges  0x0000000000000268      0x1f0 vm86.o
 .debug_ranges  0x0000000000000458       0x80 kbd.o
 .debug_ranges  0x00000000000004d8       0x48 timer.o
 .debug_ranges  0x0000000000000520      0x668 machdep.o
 .debug_ranges  0x0000000000000b88       0x50 task.o
 .debug_ranges  0x0000000000000bd8       0x18 startup.o
 .debug_ranges  0x0000000000000bf0       0x20 frame.o
 .debug_ranges  0x0000000000000c10      0x220 dosfs.o
 .debug_ranges  0x0000000000000e30      0x2f0 bitmap.o
 .debug_ranges  0x0000000000001120       0x68 ../lib/softfloat.o
 .debug_ranges  0x0000000000001188       0x30 ../lib/string.o
 .debug_ranges  0x00000000000011b8       0x90 ../lib/memcpy.o
 .debug_ranges  0x0000000000001248       0x90 ../lib/snprintf.o
 .debug_ranges  0x00000000000012d8      0x510 ../lib/tlsf/tlsf.o

.debug_line     0x0000000000000000     0x3105
 .debug_line    0x0000000000000000      0x246 ide.o
 .debug_line    0x0000000000000246        0x0 floppy.o
 .debug_line    0x0000000000000246      0x172 pci.o
 .debug_line    0x00000000000003b8      0x47c vm86.o
 .debug_line    0x0000000000000834      0x125 kbd.o
 .debug_line    0x0000000000000959      0x167 timer.o
 .debug_line    0x0000000000000ac0      0x701 machdep.o
 .debug_line    0x00000000000011c1      0x21f task.o
 .debug_line    0x00000000000013e0       0x86 mktime.o
 .debug_line    0x0000000000001466       0x8c sem.o
 .debug_line    0x00000000000014f2      0x1df page.o
 .debug_line    0x00000000000016d1      0x14b startup.o
 .debug_line    0x000000000000181c      0x128 frame.o
 .debug_line    0x0000000000001944       0x9d kmalloc.o
 .debug_line    0x00000000000019e1      0x6c2 dosfs.o
 .debug_line    0x00000000000020a3        0x0 pe.o
 .debug_line    0x00000000000020a3       0xfb elf.o
 .debug_line    0x000000000000219e       0xac printk.o
 .debug_line    0x000000000000224a      0x26d bitmap.o
 .debug_line    0x00000000000024b7       0xd4 ../lib/softfloat.o
 .debug_line    0x000000000000258b      0x141 ../lib/string.o
 .debug_line    0x00000000000026cc      0x17a ../lib/memcpy.o
 .debug_line    0x0000000000002846       0xce ../lib/memset.o
 .debug_line    0x0000000000002914      0x294 ../lib/snprintf.o
 .debug_line    0x0000000000002ba8      0x55d ../lib/tlsf/tlsf.o

.debug_str      0x0000000000000000     0x2166
 .debug_str     0x0000000000000000      0x33a ide.o
                                        0x3da (size before relaxing)
 .debug_str     0x000000000000033a        0x9 floppy.o
                                         0xb4 (size before relaxing)
 .debug_str     0x0000000000000343      0x18e pci.o
                                        0x307 (size before relaxing)
 .debug_str     0x00000000000004d1       0x90 vm86.o
                                        0x322 (size before relaxing)
 .debug_str     0x0000000000000561       0x89 kbd.o
                                        0x2fd (size before relaxing)
 .debug_str     0x00000000000005ea       0xfe timer.o
                                        0x38f (size before relaxing)
 .debug_str     0x00000000000006e8      0x761 machdep.o
                                        0xae6 (size before relaxing)
 .debug_str     0x0000000000000e49       0x60 task.o
                                        0x38a (size before relaxing)
 .debug_str     0x0000000000000ea9        0xf mktime.o
                                        0x15c (size before relaxing)
 .debug_str     0x0000000000000eb8       0x47 sem.o
                                        0x2a9 (size before relaxing)
 .debug_str     0x0000000000000eff       0x3c page.o
                                        0x322 (size before relaxing)
 .debug_str     0x0000000000000f3b      0x13e startup.o
                                        0x46d (size before relaxing)
 .debug_str     0x0000000000001079       0x84 frame.o
                                        0x335 (size before relaxing)
 .debug_str     0x00000000000010fd       0x70 kmalloc.o
                                        0x1d4 (size before relaxing)
 .debug_str     0x000000000000116d      0x5ee dosfs.o
                                        0x8ef (size before relaxing)
 .debug_str     0x000000000000175b        0x5 pe.o
                                         0xb0 (size before relaxing)
 .debug_str     0x0000000000001760      0x111 elf.o
                                        0x4f2 (size before relaxing)
 .debug_str     0x0000000000001871       0x2a printk.o
                                        0x2a6 (size before relaxing)
 .debug_str     0x000000000000189b       0xf2 bitmap.o
                                        0x2af (size before relaxing)
 .debug_str     0x000000000000198d       0x57 ../lib/softfloat.o
                                        0x181 (size before relaxing)
 .debug_str     0x00000000000019e4       0x74 ../lib/string.o
                                        0x1bd (size before relaxing)
 .debug_str     0x0000000000001a58       0x47 ../lib/memcpy.o
                                        0x16e (size before relaxing)
 .debug_str     0x0000000000001a9f       0x15 ../lib/memset.o
                                        0x158 (size before relaxing)
 .debug_str     0x0000000000001ab4       0x93 ../lib/snprintf.o
                                        0x206 (size before relaxing)
 .debug_str     0x0000000000001b47      0x61f ../lib/tlsf/tlsf.o
                                        0x80e (size before relaxing)

.comment        0x0000000000000000       0x11
 .comment       0x0000000000000000       0x11 ide.o
                                         0x12 (size before relaxing)
 .comment       0x0000000000000011       0x12 floppy.o
 .comment       0x0000000000000011       0x12 pci.o
 .comment       0x0000000000000011       0x12 vm86.o
 .comment       0x0000000000000011       0x12 kbd.o
 .comment       0x0000000000000011       0x12 timer.o
 .comment       0x0000000000000011       0x12 machdep.o
 .comment       0x0000000000000011       0x12 task.o
 .comment       0x0000000000000011       0x12 mktime.o
 .comment       0x0000000000000011       0x12 sem.o
 .comment       0x0000000000000011       0x12 page.o
 .comment       0x0000000000000011       0x12 startup.o
 .comment       0x0000000000000011       0x12 frame.o
 .comment       0x0000000000000011       0x12 kmalloc.o
 .comment       0x0000000000000011       0x12 dosfs.o
 .comment       0x0000000000000011       0x12 pe.o
 .comment       0x0000000000000011       0x12 elf.o
 .comment       0x0000000000000011       0x12 printk.o
 .comment       0x0000000000000011       0x12 bitmap.o
 .comment       0x0000000000000011       0x12 ../lib/softfloat.o
 .comment       0x0000000000000011       0x12 ../lib/string.o
 .comment       0x0000000000000011       0x12 ../lib/memcpy.o
 .comment       0x0000000000000011       0x12 ../lib/memset.o
 .comment       0x0000000000000011       0x12 ../lib/snprintf.o
 .comment       0x0000000000000011       0x12 ../lib/tlsf/tlsf.o
